// Jest Snapshot v1, https://goo.gl/fbAQLP

exports[`Cadastro Component should verify if the component had changes 1`] = `
Object {
  "asFragment": [Function],
  "baseElement": <body>
    <div>
      <div
        class="formCadastro"
      >
        <form>
          <div
            class="formField"
          >
            <label>
              Nome completo
            </label>
            <input
              id="name"
              name="name"
              placeholder="Maria da Penha"
              type="text"
              value=""
            />
          </div>
          <div
            class="formField"
          >
            <label>
              Email
            </label>
            <input
              id="mail"
              name="mail"
              placeholder="maria@email.com"
              type="text"
              value=""
            />
          </div>
          <div
            class="formField"
          >
            <label>
              Telefone
            </label>
            <input
              id="phone"
              name="phone"
              placeholder="(DDD) 99999-0000"
              type="text"
              value=""
            />
          </div>
          <div
            class="formField"
          >
            <label>
              Data de nascimento
            </label>
            <input
              id="birth"
              name="birth"
              placeholder="01/01/1990"
              type="date"
              value=""
            />
          </div>
          <div
            class="formField"
          >
            <label>
              Nome de usu치rio
            </label>
            <input
              id="username"
              name="username"
              placeholder="MariaPenha123"
              type="text"
              value=""
            />
          </div>
          <div
            class="formField"
          >
            <label>
              Senha
            </label>
            <input
              id="password"
              name="password"
              placeholder="************"
              type="text"
              value=""
            />
          </div>
          <button
            class="submit"
            id="cadastroSubmit"
            name="submitButton"
            type="submit"
          >
            Cadastrar-se
          </button>
          <a
            href="/login"
          >
            J치 tem cadastro?
          </a>
        </form>
      </div>
    </div>
  </body>,
  "container": <div>
    <div
      class="formCadastro"
    >
      <form>
        <div
          class="formField"
        >
          <label>
            Nome completo
          </label>
          <input
            id="name"
            name="name"
            placeholder="Maria da Penha"
            type="text"
            value=""
          />
        </div>
        <div
          class="formField"
        >
          <label>
            Email
          </label>
          <input
            id="mail"
            name="mail"
            placeholder="maria@email.com"
            type="text"
            value=""
          />
        </div>
        <div
          class="formField"
        >
          <label>
            Telefone
          </label>
          <input
            id="phone"
            name="phone"
            placeholder="(DDD) 99999-0000"
            type="text"
            value=""
          />
        </div>
        <div
          class="formField"
        >
          <label>
            Data de nascimento
          </label>
          <input
            id="birth"
            name="birth"
            placeholder="01/01/1990"
            type="date"
            value=""
          />
        </div>
        <div
          class="formField"
        >
          <label>
            Nome de usu치rio
          </label>
          <input
            id="username"
            name="username"
            placeholder="MariaPenha123"
            type="text"
            value=""
          />
        </div>
        <div
          class="formField"
        >
          <label>
            Senha
          </label>
          <input
            id="password"
            name="password"
            placeholder="************"
            type="text"
            value=""
          />
        </div>
        <button
          class="submit"
          id="cadastroSubmit"
          name="submitButton"
          type="submit"
        >
          Cadastrar-se
        </button>
        <a
          href="/login"
        >
          J치 tem cadastro?
        </a>
      </form>
    </div>
  </div>,
  "debug": [Function],
  "findAllByAltText": [Function],
  "findAllByDisplayValue": [Function],
  "findAllByLabelText": [Function],
  "findAllByPlaceholderText": [Function],
  "findAllByRole": [Function],
  "findAllByTestId": [Function],
  "findAllByText": [Function],
  "findAllByTitle": [Function],
  "findByAltText": [Function],
  "findByDisplayValue": [Function],
  "findByLabelText": [Function],
  "findByPlaceholderText": [Function],
  "findByRole": [Function],
  "findByTestId": [Function],
  "findByText": [Function],
  "findByTitle": [Function],
  "getAllByAltText": [Function],
  "getAllByDisplayValue": [Function],
  "getAllByLabelText": [Function],
  "getAllByPlaceholderText": [Function],
  "getAllByRole": [Function],
  "getAllByTestId": [Function],
  "getAllByText": [Function],
  "getAllByTitle": [Function],
  "getByAltText": [Function],
  "getByDisplayValue": [Function],
  "getByLabelText": [Function],
  "getByPlaceholderText": [Function],
  "getByRole": [Function],
  "getByTestId": [Function],
  "getByText": [Function],
  "getByTitle": [Function],
  "queryAllByAltText": [Function],
  "queryAllByDisplayValue": [Function],
  "queryAllByLabelText": [Function],
  "queryAllByPlaceholderText": [Function],
  "queryAllByRole": [Function],
  "queryAllByTestId": [Function],
  "queryAllByText": [Function],
  "queryAllByTitle": [Function],
  "queryByAltText": [Function],
  "queryByDisplayValue": [Function],
  "queryByLabelText": [Function],
  "queryByPlaceholderText": [Function],
  "queryByRole": [Function],
  "queryByTestId": [Function],
  "queryByText": [Function],
  "queryByTitle": [Function],
  "rerender": [Function],
  "unmount": [Function],
}
`;
